Archive member included to satisfy reference by file (symbol)

c:/program files (x86)/atollic/truestudio for stm32 9.3.0/armtools/bin/../lib/gcc/arm-atollic-eabi/6.3.1/../../../../arm-atollic-eabi/lib/armv7e-m/fpu\libc_nano.a(lib_a-errno.o)
                              Src\syscalls.o (__errno)
c:/program files (x86)/atollic/truestudio for stm32 9.3.0/armtools/bin/../lib/gcc/arm-atollic-eabi/6.3.1/../../../../arm-atollic-eabi/lib/armv7e-m/fpu\libc_nano.a(lib_a-impure.o)
                              c:/program files (x86)/atollic/truestudio for stm32 9.3.0/armtools/bin/../lib/gcc/arm-atollic-eabi/6.3.1/../../../../arm-atollic-eabi/lib/armv7e-m/fpu\libc_nano.a(lib_a-errno.o) (_impure_ptr)
c:/program files (x86)/atollic/truestudio for stm32 9.3.0/armtools/bin/../lib/gcc/arm-atollic-eabi/6.3.1/../../../../arm-atollic-eabi/lib/armv7e-m/fpu\libc_nano.a(lib_a-init.o)
                              startup\startup_stm32f407xx.o (__libc_init_array)
c:/program files (x86)/atollic/truestudio for stm32 9.3.0/armtools/bin/../lib/gcc/arm-atollic-eabi/6.3.1/../../../../arm-atollic-eabi/lib/armv7e-m/fpu\libc_nano.a(lib_a-memcpy-stub.o)
                              Middlewares\Third_Party\FreeRTOS\Source\queue.o (memcpy)
c:/program files (x86)/atollic/truestudio for stm32 9.3.0/armtools/bin/../lib/gcc/arm-atollic-eabi/6.3.1/../../../../arm-atollic-eabi/lib/armv7e-m/fpu\libc_nano.a(lib_a-memset.o)
                              Middlewares\Third_Party\FreeRTOS\Source\stream_buffer.o (memset)

Allocating common symbols
Common symbol       size              file

xQueueRegistry      0x40              Middlewares\Third_Party\FreeRTOS\Source\queue.o

Discarded input sections

 .text          0x00000000        0x0 c:/program files (x86)/atollic/truestudio for stm32 9.3.0/armtools/bin/../lib/gcc/arm-atollic-eabi/6.3.1/armv7e-m/fpu/crti.o
 .data          0x00000000        0x0 c:/program files (x86)/atollic/truestudio for stm32 9.3.0/armtools/bin/../lib/gcc/arm-atollic-eabi/6.3.1/armv7e-m/fpu/crti.o
 .bss           0x00000000        0x0 c:/program files (x86)/atollic/truestudio for stm32 9.3.0/armtools/bin/../lib/gcc/arm-atollic-eabi/6.3.1/armv7e-m/fpu/crti.o
 .data          0x00000000        0x4 c:/program files (x86)/atollic/truestudio for stm32 9.3.0/armtools/bin/../lib/gcc/arm-atollic-eabi/6.3.1/armv7e-m/fpu/crtbegin.o
 .text          0x00000000        0x0 Middlewares\Third_Party\FreeRTOS\Source\CMSIS_RTOS\cmsis_os.o
 .data          0x00000000        0x0 Middlewares\Third_Party\FreeRTOS\Source\CMSIS_RTOS\cmsis_os.o
 .bss           0x00000000        0x0 Middlewares\Third_Party\FreeRTOS\Source\CMSIS_RTOS\cmsis_os.o
 .text.osKernelStart
                0x00000000        0xa Middlewares\Third_Party\FreeRTOS\Source\CMSIS_RTOS\cmsis_os.o
 .text.osKernelRunning
                0x00000000       0x10 Middlewares\Third_Party\FreeRTOS\Source\CMSIS_RTOS\cmsis_os.o
 .text.osKernelSysTick
                0x00000000        0xe Middlewares\Third_Party\FreeRTOS\Source\CMSIS_RTOS\cmsis_os.o
 .text.osThreadCreate
                0x00000000       0x50 Middlewares\Third_Party\FreeRTOS\Source\CMSIS_RTOS\cmsis_os.o
 .text.osThreadGetId
                0x00000000        0x4 Middlewares\Third_Party\FreeRTOS\Source\CMSIS_RTOS\cmsis_os.o
 .text.osThreadTerminate
                0x00000000        0xa Middlewares\Third_Party\FreeRTOS\Source\CMSIS_RTOS\cmsis_os.o
 .text.osThreadYield
                0x00000000       0x18 Middlewares\Third_Party\FreeRTOS\Source\CMSIS_RTOS\cmsis_os.o
 .text.osThreadSetPriority
                0x00000000       0x12 Middlewares\Third_Party\FreeRTOS\Source\CMSIS_RTOS\cmsis_os.o
 .text.osThreadGetPriority
                0x00000000       0x20 Middlewares\Third_Party\FreeRTOS\Source\CMSIS_RTOS\cmsis_os.o
 .text.osDelay  0x00000000       0x10 Middlewares\Third_Party\FreeRTOS\Source\CMSIS_RTOS\cmsis_os.o
 .text.osTimerCreate
                0x00000000        0x4 Middlewares\Third_Party\FreeRTOS\Source\CMSIS_RTOS\cmsis_os.o
 .text.osTimerStart
                0x00000000        0x4 Middlewares\Third_Party\FreeRTOS\Source\CMSIS_RTOS\cmsis_os.o
 .text.osTimerStop
                0x00000000        0x4 Middlewares\Third_Party\FreeRTOS\Source\CMSIS_RTOS\cmsis_os.o
 .text.osTimerDelete
                0x00000000        0x4 Middlewares\Third_Party\FreeRTOS\Source\CMSIS_RTOS\cmsis_os.o
 .text.osSignalSet
                0x00000000       0x54 Middlewares\Third_Party\FreeRTOS\Source\CMSIS_RTOS\cmsis_os.o
 .text.osSignalWait
                0x00000000       0x48 Middlewares\Third_Party\FreeRTOS\Source\CMSIS_RTOS\cmsis_os.o
 .text.osMutexCreate
                0x00000000        0x4 Middlewares\Third_Party\FreeRTOS\Source\CMSIS_RTOS\cmsis_os.o
 .text.osMutexWait
                0x00000000       0x4c Middlewares\Third_Party\FreeRTOS\Source\CMSIS_RTOS\cmsis_os.o
 .text.osSemaphoreCreate
                0x00000000       0x4c Middlewares\Third_Party\FreeRTOS\Source\CMSIS_RTOS\cmsis_os.o
 .text.osSemaphoreWait
                0x00000000       0x4c Middlewares\Third_Party\FreeRTOS\Source\CMSIS_RTOS\cmsis_os.o
 .text.osSemaphoreRelease
                0x00000000       0x48 Middlewares\Third_Party\FreeRTOS\Source\CMSIS_RTOS\cmsis_os.o
 .text.osMutexRelease
                0x00000000        0x4 Middlewares\Third_Party\FreeRTOS\Source\CMSIS_RTOS\cmsis_os.o
 .text.osPoolCreate
                0x00000000       0x6c Middlewares\Third_Party\FreeRTOS\Source\CMSIS_RTOS\cmsis_os.o
 .text.osPoolAlloc
                0x00000000       0x68 Middlewares\Third_Party\FreeRTOS\Source\CMSIS_RTOS\cmsis_os.o
 .text.osPoolCAlloc
                0x00000000        0xe Middlewares\Third_Party\FreeRTOS\Source\CMSIS_RTOS\cmsis_os.o
 .text.osPoolFree
                0x00000000       0x2a Middlewares\Third_Party\FreeRTOS\Source\CMSIS_RTOS\cmsis_os.o
 .text.osMessageCreate
                0x00000000       0x28 Middlewares\Third_Party\FreeRTOS\Source\CMSIS_RTOS\cmsis_os.o
 .text.osMessagePut
                0x00000000       0x50 Middlewares\Third_Party\FreeRTOS\Source\CMSIS_RTOS\cmsis_os.o
 .text.osMessageGet
                0x00000000       0x74 Middlewares\Third_Party\FreeRTOS\Source\CMSIS_RTOS\cmsis_os.o
 .text.osMailCreate
                0x00000000       0x56 Middlewares\Third_Party\FreeRTOS\Source\CMSIS_RTOS\cmsis_os.o
 .text.osMailAlloc
                0x00000000        0xa Middlewares\Third_Party\FreeRTOS\Source\CMSIS_RTOS\cmsis_os.o
 .text.osMailCAlloc
                0x00000000       0x20 Middlewares\Third_Party\FreeRTOS\Source\CMSIS_RTOS\cmsis_os.o
 .text.osMailPut
                0x00000000       0x58 Middlewares\Third_Party\FreeRTOS\Source\CMSIS_RTOS\cmsis_os.o
 .text.osMailGet
                0x00000000       0x78 Middlewares\Third_Party\FreeRTOS\Source\CMSIS_RTOS\cmsis_os.o
 .text.osMailFree
                0x00000000        0xc Middlewares\Third_Party\FreeRTOS\Source\CMSIS_RTOS\cmsis_os.o
 .text.osThreadSuspend
                0x00000000        0xa Middlewares\Third_Party\FreeRTOS\Source\CMSIS_RTOS\cmsis_os.o
 .text.osThreadResume
                0x00000000       0x30 Middlewares\Third_Party\FreeRTOS\Source\CMSIS_RTOS\cmsis_os.o
 .text.osThreadSuspendAll
                0x00000000        0xa Middlewares\Third_Party\FreeRTOS\Source\CMSIS_RTOS\cmsis_os.o
 .text.osThreadResumeAll
                0x00000000       0x10 Middlewares\Third_Party\FreeRTOS\Source\CMSIS_RTOS\cmsis_os.o
 .text.osDelayUntil
                0x00000000        0x4 Middlewares\Third_Party\FreeRTOS\Source\CMSIS_RTOS\cmsis_os.o
 .text.osAbortDelay
                0x00000000        0x4 Middlewares\Third_Party\FreeRTOS\Source\CMSIS_RTOS\cmsis_os.o
 .text.osThreadList
                0x00000000        0x4 Middlewares\Third_Party\FreeRTOS\Source\CMSIS_RTOS\cmsis_os.o
 .text.osMessagePeek
                0x00000000       0x38 Middlewares\Third_Party\FreeRTOS\Source\CMSIS_RTOS\cmsis_os.o
 .text.osMessageWaiting
                0x00000000        0xe Middlewares\Third_Party\FreeRTOS\Source\CMSIS_RTOS\cmsis_os.o
 .text.osMessageAvailableSpace
                0x00000000        0x4 Middlewares\Third_Party\FreeRTOS\Source\CMSIS_RTOS\cmsis_os.o
 .text.osMessageDelete
                0x00000000       0x14 Middlewares\Third_Party\FreeRTOS\Source\CMSIS_RTOS\cmsis_os.o
 .text.osSemaphoreDelete
                0x00000000        0x4 Middlewares\Third_Party\FreeRTOS\Source\CMSIS_RTOS\cmsis_os.o
 .text.osMutexDelete
                0x00000000        0x4 Middlewares\Third_Party\FreeRTOS\Source\CMSIS_RTOS\cmsis_os.o
 .text.osRecursiveMutexCreate
                0x00000000        0x4 Middlewares\Third_Party\FreeRTOS\Source\CMSIS_RTOS\cmsis_os.o
 .text.osRecursiveMutexRelease
                0x00000000        0x4 Middlewares\Third_Party\FreeRTOS\Source\CMSIS_RTOS\cmsis_os.o
 .text.osRecursiveMutexWait
                0x00000000        0x4 Middlewares\Third_Party\FreeRTOS\Source\CMSIS_RTOS\cmsis_os.o
 .text.osSemaphoreGetCount
                0x00000000        0x4 Middlewares\Third_Party\FreeRTOS\Source\CMSIS_RTOS\cmsis_os.o
 .text          0x00000000        0x0 Middlewares\Third_Party\FreeRTOS\Source\croutine.o
 .data          0x00000000        0x0 Middlewares\Third_Party\FreeRTOS\Source\croutine.o
 .bss           0x00000000        0x0 Middlewares\Third_Party\FreeRTOS\Source\croutine.o
 .debug_info    0x00000000       0x9a Middlewares\Third_Party\FreeRTOS\Source\croutine.o
 .debug_abbrev  0x00000000       0x44 Middlewares\Third_Party\FreeRTOS\Source\croutine.o
 .debug_aranges
                0x00000000       0x18 Middlewares\Third_Party\FreeRTOS\Source\croutine.o
 .debug_line    0x00000000      0x11d Middlewares\Third_Party\FreeRTOS\Source\croutine.o
 .debug_str     0x00000000      0x1ef Middlewares\Third_Party\FreeRTOS\Source\croutine.o
 .comment       0x00000000       0x7d Middlewares\Third_Party\FreeRTOS\Source\croutine.o
 .ARM.attributes
                0x00000000       0x39 Middlewares\Third_Party\FreeRTOS\Source\croutine.o
 .text          0x00000000        0x0 Middlewares\Third_Party\FreeRTOS\Source\event_groups.o
 .data          0x00000000        0x0 Middlewares\Third_Party\FreeRTOS\Source\event_groups.o
 .bss           0x00000000        0x0 Middlewares\Third_Party\FreeRTOS\Source\event_groups.o
 .text.xEventGroupCreateStatic
                0x00000000       0x48 Middlewares\Third_Party\FreeRTOS\Source\event_groups.o
 .text.xEventGroupCreate
                0x00000000       0x1c Middlewares\Third_Party\FreeRTOS\Source\event_groups.o
 .text.xEventGroupWaitBits
                0x00000000      0x114 Middlewares\Third_Party\FreeRTOS\Source\event_groups.o
 .text.xEventGroupClearBits
                0x00000000       0x46 Middlewares\Third_Party\FreeRTOS\Source\event_groups.o
 .text.xEventGroupGetBitsFromISR
                0x00000000       0x1c Middlewares\Third_Party\FreeRTOS\Source\event_groups.o
 .text.xEventGroupSetBits
                0x00000000       0x82 Middlewares\Third_Party\FreeRTOS\Source\event_groups.o
 .text.xEventGroupSync
                0x00000000       0xd0 Middlewares\Third_Party\FreeRTOS\Source\event_groups.o
 .text.vEventGroupDelete
                0x00000000       0x44 Middlewares\Third_Party\FreeRTOS\Source\event_groups.o
 .text.vEventGroupSetBitsCallback
                0x00000000        0x4 Middlewares\Third_Party\FreeRTOS\Source\event_groups.o
 .text.vEventGroupClearBitsCallback
                0x00000000        0x4 Middlewares\Third_Party\FreeRTOS\Source\event_groups.o
 .debug_info    0x00000000     0x1529 Middlewares\Third_Party\FreeRTOS\Source\event_groups.o
 .debug_abbrev  0x00000000      0x3b2 Middlewares\Third_Party\FreeRTOS\Source\event_groups.o
 .debug_loc     0x00000000      0x865 Middlewares\Third_Party\FreeRTOS\Source\event_groups.o
 .debug_aranges
                0x00000000       0x68 Middlewares\Third_Party\FreeRTOS\Source\event_groups.o
 .debug_ranges  0x00000000       0xc0 Middlewares\Third_Party\FreeRTOS\Source\event_groups.o
 .debug_line    0x00000000      0x53e Middlewares\Third_Party\FreeRTOS\Source\event_groups.o
 .debug_str     0x00000000      0xbb1 Middlewares\Third_Party\FreeRTOS\Source\event_groups.o
 .comment       0x00000000       0x7d Middlewares\Third_Party\FreeRTOS\Source\event_groups.o
 .debug_frame   0x00000000      0x120 Middlewares\Third_Party\FreeRTOS\Source\event_groups.o
 .ARM.attributes
                0x00000000       0x39 Middlewares\Third_Party\FreeRTOS\Source\event_groups.o
 .text          0x00000000        0x0 Middlewares\Third_Party\FreeRTOS\Source\list.o
 .data          0x00000000        0x0 Middlewares\Third_Party\FreeRTOS\Source\list.o
 .bss           0x00000000        0x0 Middlewares\Third_Party\FreeRTOS\Source\list.o
 .text          0x00000000        0x0 Middlewares\Third_Party\FreeRTOS\Source\portable\GCC\ARM_CM4F\port.o
 .data          0x00000000        0x0 Middlewares\Third_Party\FreeRTOS\Source\portable\GCC\ARM_CM4F\port.o
 .bss           0x00000000        0x0 Middlewares\Third_Party\FreeRTOS\Source\portable\GCC\ARM_CM4F\port.o
 .text.vPortEndScheduler
                0x00000000       0x24 Middlewares\Third_Party\FreeRTOS\Source\portable\GCC\ARM_CM4F\port.o
 .text.vPortValidateInterruptPriority
                0x00000000       0x5c Middlewares\Third_Party\FreeRTOS\Source\portable\GCC\ARM_CM4F\port.o
 .text          0x00000000        0x0 Middlewares\Third_Party\FreeRTOS\Source\portable\MemMang\heap_4.o
 .data          0x00000000        0x0 Middlewares\Third_Party\FreeRTOS\Source\portable\MemMang\heap_4.o
 .bss           0x00000000        0x0 Middlewares\Third_Party\FreeRTOS\Source\portable\MemMang\heap_4.o
 .text.xPortGetFreeHeapSize
                0x00000000        0xc Middlewares\Third_Party\FreeRTOS\Source\portable\MemMang\heap_4.o
 .text.xPortGetMinimumEverFreeHeapSize
                0x00000000        0xc Middlewares\Third_Party\FreeRTOS\Source\portable\MemMang\heap_4.o
 .text.vPortInitialiseBlocks
                0x00000000        0x2 Middlewares\Third_Party\FreeRTOS\Source\portable\MemMang\heap_4.o
 .text          0x00000000        0x0 Middlewares\Third_Party\FreeRTOS\Source\queue.o
 .data          0x00000000        0x0 Middlewares\Third_Party\FreeRTOS\Source\queue.o
 .bss           0x00000000        0x0 Middlewares\Third_Party\FreeRTOS\Source\queue.o
 .text.prvIsQueueEmpty
                0x00000000       0x16 Middlewares\Third_Party\FreeRTOS\Source\queue.o
 .text.unlikely.prvCopyDataToQueue
                0x00000000       0x56 Middlewares\Third_Party\FreeRTOS\Source\queue.o
 .text.unlikely.prvCopyDataFromQueue
                0x00000000       0x2a Middlewares\Third_Party\FreeRTOS\Source\queue.o
 .text.prvUnlockQueue
                0x00000000       0x70 Middlewares\Third_Party\FreeRTOS\Source\queue.o
 .text.xQueueGenericReset
                0x00000000       0x80 Middlewares\Third_Party\FreeRTOS\Source\queue.o
 .text.xQueueGenericCreateStatic
                0x00000000       0x92 Middlewares\Third_Party\FreeRTOS\Source\queue.o
 .text.xQueueGenericCreate
                0x00000000       0x48 Middlewares\Third_Party\FreeRTOS\Source\queue.o
 .text.xQueueGenericSend
                0x00000000      0x16c Middlewares\Third_Party\FreeRTOS\Source\queue.o
 .text.xQueueGenericSendFromISR
                0x00000000       0xc4 Middlewares\Third_Party\FreeRTOS\Source\queue.o
 .text.xQueueGiveFromISR
                0x00000000       0xa8 Middlewares\Third_Party\FreeRTOS\Source\queue.o
 .text.xQueueReceive
                0x00000000      0x148 Middlewares\Third_Party\FreeRTOS\Source\queue.o
 .text.xQueueSemaphoreTake
                0x00000000      0x12c Middlewares\Third_Party\FreeRTOS\Source\queue.o
 .text.xQueuePeek
                0x00000000      0x148 Middlewares\Third_Party\FreeRTOS\Source\queue.o
 .text.xQueueReceiveFromISR
                0x00000000       0xa0 Middlewares\Third_Party\FreeRTOS\Source\queue.o
 .text.xQueuePeekFromISR
                0x00000000       0x78 Middlewares\Third_Party\FreeRTOS\Source\queue.o
 .text.uxQueueMessagesWaiting
                0x00000000       0x26 Middlewares\Third_Party\FreeRTOS\Source\queue.o
 .text.uxQueueSpacesAvailable
                0x00000000       0x2a Middlewares\Third_Party\FreeRTOS\Source\queue.o
 .text.uxQueueMessagesWaitingFromISR
                0x00000000       0x18 Middlewares\Third_Party\FreeRTOS\Source\queue.o
 .text.xQueueIsQueueEmptyFromISR
                0x00000000       0x1e Middlewares\Third_Party\FreeRTOS\Source\queue.o
 .text.xQueueIsQueueFullFromISR
                0x00000000       0x20 Middlewares\Third_Party\FreeRTOS\Source\queue.o
 .text.vQueueAddToRegistry
                0x00000000       0x24 Middlewares\Third_Party\FreeRTOS\Source\queue.o
 .text.pcQueueGetName
                0x00000000       0x24 Middlewares\Third_Party\FreeRTOS\Source\queue.o
 .text.vQueueUnregisterQueue
                0x00000000       0x28 Middlewares\Third_Party\FreeRTOS\Source\queue.o
 .text.vQueueDelete
                0x00000000       0x2e Middlewares\Third_Party\FreeRTOS\Source\queue.o
 .debug_info    0x00000000     0x25ce Middlewares\Third_Party\FreeRTOS\Source\queue.o
 .debug_abbrev  0x00000000      0x404 Middlewares\Third_Party\FreeRTOS\Source\queue.o
 .debug_loc     0x00000000     0x1049 Middlewares\Third_Party\FreeRTOS\Source\queue.o
 .debug_aranges
                0x00000000       0xd8 Middlewares\Third_Party\FreeRTOS\Source\queue.o
 .debug_ranges  0x00000000      0x210 Middlewares\Third_Party\FreeRTOS\Source\queue.o
 .debug_line    0x00000000      0x94e Middlewares\Third_Party\FreeRTOS\Source\queue.o
 .debug_str     0x00000000      0xdd8 Middlewares\Third_Party\FreeRTOS\Source\queue.o
 .comment       0x00000000       0x7d Middlewares\Third_Party\FreeRTOS\Source\queue.o
 .debug_frame   0x00000000      0x2d8 Middlewares\Third_Party\FreeRTOS\Source\queue.o
 .ARM.attributes
                0x00000000       0x39 Middlewares\Third_Party\FreeRTOS\Source\queue.o
 COMMON         0x00000000       0x40 Middlewares\Third_Party\FreeRTOS\Source\queue.o
 .text          0x00000000        0x0 Middlewares\Third_Party\FreeRTOS\Source\stream_buffer.o
 .data          0x00000000        0x0 Middlewares\Third_Party\FreeRTOS\Source\stream_buffer.o
 .bss           0x00000000        0x0 Middlewares\Third_Party\FreeRTOS\Source\stream_buffer.o
 .text.prvBytesInBuffer
                0x00000000       0x12 Middlewares\Third_Party\FreeRTOS\Source\stream_buffer.o
 .text.unlikely.prvInitialiseNewStreamBuffer
                0x00000000       0x46 Middlewares\Third_Party\FreeRTOS\Source\stream_buffer.o
 .text.prvWriteBytesToBuffer
                0x00000000       0x86 Middlewares\Third_Party\FreeRTOS\Source\stream_buffer.o
 .text.prvWriteMessageToBuffer
                0x00000000       0x40 Middlewares\Third_Party\FreeRTOS\Source\stream_buffer.o
 .text.prvReadBytesFromBuffer
                0x00000000       0x94 Middlewares\Third_Party\FreeRTOS\Source\stream_buffer.o
 .text.prvReadMessageFromBuffer
                0x00000000       0x44 Middlewares\Third_Party\FreeRTOS\Source\stream_buffer.o
 .text.xStreamBufferGenericCreate
                0x00000000       0x5e Middlewares\Third_Party\FreeRTOS\Source\stream_buffer.o
 .text.xStreamBufferGenericCreateStatic
                0x00000000       0x9a Middlewares\Third_Party\FreeRTOS\Source\stream_buffer.o
 .text.vStreamBufferDelete
                0x00000000       0x26 Middlewares\Third_Party\FreeRTOS\Source\stream_buffer.o
 .text.xStreamBufferReset
                0x00000000       0x40 Middlewares\Third_Party\FreeRTOS\Source\stream_buffer.o
 .text.xStreamBufferSetTriggerLevel
                0x00000000       0x28 Middlewares\Third_Party\FreeRTOS\Source\stream_buffer.o
 .text.xStreamBufferSpacesAvailable
                0x00000000       0x28 Middlewares\Third_Party\FreeRTOS\Source\stream_buffer.o
 .text.xStreamBufferBytesAvailable
                0x00000000       0x18 Middlewares\Third_Party\FreeRTOS\Source\stream_buffer.o
 .text.xStreamBufferSend
                0x00000000       0xf6 Middlewares\Third_Party\FreeRTOS\Source\stream_buffer.o
 .text.xStreamBufferSendFromISR
                0x00000000       0x98 Middlewares\Third_Party\FreeRTOS\Source\stream_buffer.o
 .text.xStreamBufferReceive
                0x00000000       0xda Middlewares\Third_Party\FreeRTOS\Source\stream_buffer.o
 .text.xStreamBufferReceiveFromISR
                0x00000000       0x8e Middlewares\Third_Party\FreeRTOS\Source\stream_buffer.o
 .text.xStreamBufferIsEmpty
                0x00000000       0x20 Middlewares\Third_Party\FreeRTOS\Source\stream_buffer.o
 .text.xStreamBufferIsFull
                0x00000000       0x30 Middlewares\Third_Party\FreeRTOS\Source\stream_buffer.o
 .text.xStreamBufferSendCompletedFromISR
                0x00000000       0x4c Middlewares\Third_Party\FreeRTOS\Source\stream_buffer.o
 .text.xStreamBufferReceiveCompletedFromISR
                0x00000000       0x4c Middlewares\Third_Party\FreeRTOS\Source\stream_buffer.o
 .debug_info    0x00000000     0x1fb4 Middlewares\Third_Party\FreeRTOS\Source\stream_buffer.o
 .debug_abbrev  0x00000000      0x3e3 Middlewares\Third_Party\FreeRTOS\Source\stream_buffer.o
 .debug_loc     0x00000000      0xf24 Middlewares\Third_Party\FreeRTOS\Source\stream_buffer.o
 .debug_aranges
                0x00000000       0xc0 Middlewares\Third_Party\FreeRTOS\Source\stream_buffer.o
 .debug_ranges  0x00000000       0xc8 Middlewares\Third_Party\FreeRTOS\Source\stream_buffer.o
 .debug_line    0x00000000      0x798 Middlewares\Third_Party\FreeRTOS\Source\stream_buffer.o
 .debug_str     0x00000000      0xd09 Middlewares\Third_Party\FreeRTOS\Source\stream_buffer.o
 .comment       0x00000000       0x7d Middlewares\Third_Party\FreeRTOS\Source\stream_buffer.o
 .debug_frame   0x00000000      0x260 Middlewares\Third_Party\FreeRTOS\Source\stream_buffer.o
 .ARM.attributes
                0x00000000       0x39 Middlewares\Third_Party\FreeRTOS\Source\stream_buffer.o
 .text          0x00000000        0x0 Middlewares\Third_Party\FreeRTOS\Source\tasks.o
 .data          0x00000000        0x0 Middlewares\Third_Party\FreeRTOS\Source\tasks.o
 .bss           0x00000000        0x0 Middlewares\Third_Party\FreeRTOS\Source\tasks.o
 .text.prvTaskIsTaskSuspended
                0x00000000       0x38 Middlewares\Third_Party\FreeRTOS\Source\tasks.o
 .text.vTaskDelete
                0x00000000       0xb0 Middlewares\Third_Party\FreeRTOS\Source\tasks.o
 .text.uxTaskPriorityGet
                0x00000000       0x1c Middlewares\Third_Party\FreeRTOS\Source\tasks.o
 .text.uxTaskPriorityGetFromISR
                0x00000000       0x30 Middlewares\Third_Party\FreeRTOS\Source\tasks.o
 .text.vTaskPrioritySet
                0x00000000       0xb8 Middlewares\Third_Party\FreeRTOS\Source\tasks.o
 .text.vTaskResume
                0x00000000       0x84 Middlewares\Third_Party\FreeRTOS\Source\tasks.o
 .text.xTaskResumeFromISR
                0x00000000       0xa0 Middlewares\Third_Party\FreeRTOS\Source\tasks.o
 .text.vTaskEndScheduler
                0x00000000       0x20 Middlewares\Third_Party\FreeRTOS\Source\tasks.o
 .text.xTaskGetTickCount
                0x00000000        0xc Middlewares\Third_Party\FreeRTOS\Source\tasks.o
 .text.xTaskGetTickCountFromISR
                0x00000000       0x10 Middlewares\Third_Party\FreeRTOS\Source\tasks.o
 .text.uxTaskGetNumberOfTasks
                0x00000000        0xc Middlewares\Third_Party\FreeRTOS\Source\tasks.o
 .text.pcTaskGetName
                0x00000000       0x24 Middlewares\Third_Party\FreeRTOS\Source\tasks.o
 .text.vTaskSuspend
                0x00000000       0xb4 Middlewares\Third_Party\FreeRTOS\Source\tasks.o
 .text.vTaskPlaceOnEventList
                0x00000000       0x34 Middlewares\Third_Party\FreeRTOS\Source\tasks.o
 .text.vTaskPlaceOnUnorderedEventList
                0x00000000       0x58 Middlewares\Third_Party\FreeRTOS\Source\tasks.o
 .text.xTaskRemoveFromEventList
                0x00000000       0x80 Middlewares\Third_Party\FreeRTOS\Source\tasks.o
 .text.vTaskRemoveFromUnorderedEventList
                0x00000000       0x84 Middlewares\Third_Party\FreeRTOS\Source\tasks.o
 .text.vTaskSetTimeOutState
                0x00000000       0x38 Middlewares\Third_Party\FreeRTOS\Source\tasks.o
 .text.vTaskInternalSetTimeOutState
                0x00000000       0x18 Middlewares\Third_Party\FreeRTOS\Source\tasks.o
 .text.xTaskCheckForTimeOut
                0x00000000       0x78 Middlewares\Third_Party\FreeRTOS\Source\tasks.o
 .text.vTaskMissedYield
                0x00000000        0xc Middlewares\Third_Party\FreeRTOS\Source\tasks.o
 .text.uxTaskResetEventItemValue
                0x00000000       0x18 Middlewares\Third_Party\FreeRTOS\Source\tasks.o
 .text.ulTaskNotifyTake
                0x00000000       0x64 Middlewares\Third_Party\FreeRTOS\Source\tasks.o
 .text.xTaskNotifyWait
                0x00000000       0x8c Middlewares\Third_Party\FreeRTOS\Source\tasks.o
 .text.xTaskGenericNotify
                0x00000000       0xcc Middlewares\Third_Party\FreeRTOS\Source\tasks.o
 .text.xTaskGenericNotifyFromISR
                0x00000000      0x104 Middlewares\Third_Party\FreeRTOS\Source\tasks.o
 .text.vTaskNotifyGiveFromISR
                0x00000000       0xc4 Middlewares\Third_Party\FreeRTOS\Source\tasks.o
 .text.xTaskNotifyStateClear
                0x00000000       0x30 Middlewares\Third_Party\FreeRTOS\Source\tasks.o
 .text          0x00000000        0x0 Middlewares\Third_Party\FreeRTOS\Source\timers.o
 .data          0x00000000        0x0 Middlewares\Third_Party\FreeRTOS\Source\timers.o
 .bss           0x00000000        0x0 Middlewares\Third_Party\FreeRTOS\Source\timers.o
 .debug_info    0x00000000      0x8b0 Middlewares\Third_Party\FreeRTOS\Source\timers.o
 .debug_abbrev  0x00000000      0x155 Middlewares\Third_Party\FreeRTOS\Source\timers.o
 .debug_aranges
                0x00000000       0x18 Middlewares\Third_Party\FreeRTOS\Source\timers.o
 .debug_line    0x00000000      0x21c Middlewares\Third_Party\FreeRTOS\Source\timers.o
 .debug_str     0x00000000      0x613 Middlewares\Third_Party\FreeRTOS\Source\timers.o
 .comment       0x00000000       0x7d Middlewares\Third_Party\FreeRTOS\Source\timers.o
 .ARM.attributes
                0x00000000       0x39 Middlewares\Third_Party\FreeRTOS\Source\timers.o
 .text          0x00000000        0x0 Src\freertos.o
 .data          0x00000000        0x0 Src\freertos.o
 .bss           0x00000000        0x0 Src\freertos.o
 .text          0x00000000        0x0 Src\main.o
 .data          0x00000000        0x0 Src\main.o
 .bss           0x00000000        0x0 Src\main.o
 .text          0x00000000        0x0 Src\stm32f4xx_it.o
 .data          0x00000000        0x0 Src\stm32f4xx_it.o
 .bss           0x00000000        0x0 Src\stm32f4xx_it.o
 .text          0x00000000        0x0 Src\syscalls.o
 .data          0x00000000        0x0 Src\syscalls.o
 .bss           0x00000000        0x0 Src\syscalls.o
 .text.initialise_monitor_handles
                0x00000000        0x2 Src\syscalls.o
 .text._getpid  0x00000000        0x4 Src\syscalls.o
 .text._kill    0x00000000       0x10 Src\syscalls.o
 .text._exit    0x00000000        0xc Src\syscalls.o
 .text._read    0x00000000       0x1c Src\syscalls.o
 .text._write   0x00000000       0x1c Src\syscalls.o
 .text._sbrk    0x00000000       0x34 Src\syscalls.o
 .text._close   0x00000000        0x6 Src\syscalls.o
 .text._fstat   0x00000000        0xa Src\syscalls.o
 .text._isatty  0x00000000        0x4 Src\syscalls.o
 .text._lseek   0x00000000        0x4 Src\syscalls.o
 .text._open    0x00000000        0xa Src\syscalls.o
 .text._wait    0x00000000       0x10 Src\syscalls.o
 .text._unlink  0x00000000       0x10 Src\syscalls.o
 .text._times   0x00000000        0x6 Src\syscalls.o
 .text._stat    0x00000000        0xa Src\syscalls.o
 .text._link    0x00000000       0x10 Src\syscalls.o
 .text._fork    0x00000000       0x10 Src\syscalls.o
 .text._execve  0x00000000       0x10 Src\syscalls.o
 .bss.__env     0x00000000        0x4 Src\syscalls.o
 .bss.heap_end.7010
                0x00000000        0x4 Src\syscalls.o
 .data.environ  0x00000000        0x4 Src\syscalls.o
 .debug_info    0x00000000      0xfe1 Src\syscalls.o
 .debug_abbrev  0x00000000      0x2d9 Src\syscalls.o
 .debug_loc     0x00000000      0x3ef Src\syscalls.o
 .debug_aranges
                0x00000000       0xb0 Src\syscalls.o
 .debug_ranges  0x00000000       0xa0 Src\syscalls.o
 .debug_line    0x00000000      0x3bb Src\syscalls.o
 .debug_str     0x00000000      0x877 Src\syscalls.o
 .comment       0x00000000       0x7d Src\syscalls.o
 .debug_frame   0x00000000      0x1a8 Src\syscalls.o
 .ARM.attributes
                0x00000000       0x39 Src\syscalls.o
 .text          0x00000000        0x0 Src\system_stm32f4xx.o
 .data          0x00000000        0x0 Src\system_stm32f4xx.o
 .bss           0x00000000        0x0 Src\system_stm32f4xx.o
 .text.SystemCoreClockUpdate
                0x00000000       0x74 Src\system_stm32f4xx.o
 .rodata.AHBPrescTable
                0x00000000       0x10 Src\system_stm32f4xx.o
 .rodata.APBPrescTable
                0x00000000        0x8 Src\system_stm32f4xx.o
 .text          0x00000000       0x14 startup\startup_stm32f407xx.o
 .data          0x00000000        0x0 startup\startup_stm32f407xx.o
 .bss           0x00000000        0x0 startup\startup_stm32f407xx.o
 .text          0x00000000        0x0 c:/program files (x86)/atollic/truestudio for stm32 9.3.0/armtools/bin/../lib/gcc/arm-atollic-eabi/6.3.1/../../../../arm-atollic-eabi/lib/armv7e-m/fpu\libc_nano.a(lib_a-errno.o)
 .data          0x00000000        0x0 c:/program files (x86)/atollic/truestudio for stm32 9.3.0/armtools/bin/../lib/gcc/arm-atollic-eabi/6.3.1/../../../../arm-atollic-eabi/lib/armv7e-m/fpu\libc_nano.a(lib_a-errno.o)
 .bss           0x00000000        0x0 c:/program files (x86)/atollic/truestudio for stm32 9.3.0/armtools/bin/../lib/gcc/arm-atollic-eabi/6.3.1/../../../../arm-atollic-eabi/lib/armv7e-m/fpu\libc_nano.a(lib_a-errno.o)
 .text.__errno  0x00000000        0xc c:/program files (x86)/atollic/truestudio for stm32 9.3.0/armtools/bin/../lib/gcc/arm-atollic-eabi/6.3.1/../../../../arm-atollic-eabi/lib/armv7e-m/fpu\libc_nano.a(lib_a-errno.o)
 .debug_frame   0x00000000       0x20 c:/program files (x86)/atollic/truestudio for stm32 9.3.0/armtools/bin/../lib/gcc/arm-atollic-eabi/6.3.1/../../../../arm-atollic-eabi/lib/armv7e-m/fpu\libc_nano.a(lib_a-errno.o)
 .ARM.attributes
                0x00000000       0x34 c:/program files (x86)/atollic/truestudio for stm32 9.3.0/armtools/bin/../lib/gcc/arm-atollic-eabi/6.3.1/../../../../arm-atollic-eabi/lib/armv7e-m/fpu\libc_nano.a(lib_a-errno.o)
 .text          0x00000000        0x0 c:/program files (x86)/atollic/truestudio for stm32 9.3.0/armtools/bin/../lib/gcc/arm-atollic-eabi/6.3.1/../../../../arm-atollic-eabi/lib/armv7e-m/fpu\libc_nano.a(lib_a-impure.o)
 .data          0x00000000        0x0 c:/program files (x86)/atollic/truestudio for stm32 9.3.0/armtools/bin/../lib/gcc/arm-atollic-eabi/6.3.1/../../../../arm-atollic-eabi/lib/armv7e-m/fpu\libc_nano.a(lib_a-impure.o)
 .bss           0x00000000        0x0 c:/program files (x86)/atollic/truestudio for stm32 9.3.0/armtools/bin/../lib/gcc/arm-atollic-eabi/6.3.1/../../../../arm-atollic-eabi/lib/armv7e-m/fpu\libc_nano.a(lib_a-impure.o)
 .data._impure_ptr
                0x00000000        0x4 c:/program files (x86)/atollic/truestudio for stm32 9.3.0/armtools/bin/../lib/gcc/arm-atollic-eabi/6.3.1/../../../../arm-atollic-eabi/lib/armv7e-m/fpu\libc_nano.a(lib_a-impure.o)
 .data.impure_data
                0x00000000       0x60 c:/program files (x86)/atollic/truestudio for stm32 9.3.0/armtools/bin/../lib/gcc/arm-atollic-eabi/6.3.1/../../../../arm-atollic-eabi/lib/armv7e-m/fpu\libc_nano.a(lib_a-impure.o)
 .rodata._global_impure_ptr
                0x00000000        0x4 c:/program files (x86)/atollic/truestudio for stm32 9.3.0/armtools/bin/../lib/gcc/arm-atollic-eabi/6.3.1/../../../../arm-atollic-eabi/lib/armv7e-m/fpu\libc_nano.a(lib_a-impure.o)
 .ARM.attributes
                0x00000000       0x34 c:/program files (x86)/atollic/truestudio for stm32 9.3.0/armtools/bin/../lib/gcc/arm-atollic-eabi/6.3.1/../../../../arm-atollic-eabi/lib/armv7e-m/fpu\libc_nano.a(lib_a-impure.o)
 .text          0x00000000        0x0 c:/program files (x86)/atollic/truestudio for stm32 9.3.0/armtools/bin/../lib/gcc/arm-atollic-eabi/6.3.1/../../../../arm-atollic-eabi/lib/armv7e-m/fpu\libc_nano.a(lib_a-init.o)
 .data          0x00000000        0x0 c:/program files (x86)/atollic/truestudio for stm32 9.3.0/armtools/bin/../lib/gcc/arm-atollic-eabi/6.3.1/../../../../arm-atollic-eabi/lib/armv7e-m/fpu\libc_nano.a(lib_a-init.o)
 .bss           0x00000000        0x0 c:/program files (x86)/atollic/truestudio for stm32 9.3.0/armtools/bin/../lib/gcc/arm-atollic-eabi/6.3.1/../../../../arm-atollic-eabi/lib/armv7e-m/fpu\libc_nano.a(lib_a-init.o)
 .text          0x00000000        0x0 c:/program files (x86)/atollic/truestudio for stm32 9.3.0/armtools/bin/../lib/gcc/arm-atollic-eabi/6.3.1/../../../../arm-atollic-eabi/lib/armv7e-m/fpu\libc_nano.a(lib_a-memcpy-stub.o)
 .data          0x00000000        0x0 c:/program files (x86)/atollic/truestudio for stm32 9.3.0/armtools/bin/../lib/gcc/arm-atollic-eabi/6.3.1/../../../../arm-atollic-eabi/lib/armv7e-m/fpu\libc_nano.a(lib_a-memcpy-stub.o)
 .bss           0x00000000        0x0 c:/program files (x86)/atollic/truestudio for stm32 9.3.0/armtools/bin/../lib/gcc/arm-atollic-eabi/6.3.1/../../../../arm-atollic-eabi/lib/armv7e-m/fpu\libc_nano.a(lib_a-memcpy-stub.o)
 .text.memcpy   0x00000000       0x16 c:/program files (x86)/atollic/truestudio for stm32 9.3.0/armtools/bin/../lib/gcc/arm-atollic-eabi/6.3.1/../../../../arm-atollic-eabi/lib/armv7e-m/fpu\libc_nano.a(lib_a-memcpy-stub.o)
 .debug_frame   0x00000000       0x28 c:/program files (x86)/atollic/truestudio for stm32 9.3.0/armtools/bin/../lib/gcc/arm-atollic-eabi/6.3.1/../../../../arm-atollic-eabi/lib/armv7e-m/fpu\libc_nano.a(lib_a-memcpy-stub.o)
 .ARM.attributes
                0x00000000       0x34 c:/program files (x86)/atollic/truestudio for stm32 9.3.0/armtools/bin/../lib/gcc/arm-atollic-eabi/6.3.1/../../../../arm-atollic-eabi/lib/armv7e-m/fpu\libc_nano.a(lib_a-memcpy-stub.o)
 .text          0x00000000        0x0 c:/program files (x86)/atollic/truestudio for stm32 9.3.0/armtools/bin/../lib/gcc/arm-atollic-eabi/6.3.1/../../../../arm-atollic-eabi/lib/armv7e-m/fpu\libc_nano.a(lib_a-memset.o)
 .data          0x00000000        0x0 c:/program files (x86)/atollic/truestudio for stm32 9.3.0/armtools/bin/../lib/gcc/arm-atollic-eabi/6.3.1/../../../../arm-atollic-eabi/lib/armv7e-m/fpu\libc_nano.a(lib_a-memset.o)
 .bss           0x00000000        0x0 c:/program files (x86)/atollic/truestudio for stm32 9.3.0/armtools/bin/../lib/gcc/arm-atollic-eabi/6.3.1/../../../../arm-atollic-eabi/lib/armv7e-m/fpu\libc_nano.a(lib_a-memset.o)
 .text.memset   0x00000000       0x10 c:/program files (x86)/atollic/truestudio for stm32 9.3.0/armtools/bin/../lib/gcc/arm-atollic-eabi/6.3.1/../../../../arm-atollic-eabi/lib/armv7e-m/fpu\libc_nano.a(lib_a-memset.o)
 .debug_frame   0x00000000       0x20 c:/program files (x86)/atollic/truestudio for stm32 9.3.0/armtools/bin/../lib/gcc/arm-atollic-eabi/6.3.1/../../../../arm-atollic-eabi/lib/armv7e-m/fpu\libc_nano.a(lib_a-memset.o)
 .ARM.attributes
                0x00000000       0x34 c:/program files (x86)/atollic/truestudio for stm32 9.3.0/armtools/bin/../lib/gcc/arm-atollic-eabi/6.3.1/../../../../arm-atollic-eabi/lib/armv7e-m/fpu\libc_nano.a(lib_a-memset.o)
 .text          0x00000000        0x0 c:/program files (x86)/atollic/truestudio for stm32 9.3.0/armtools/bin/../lib/gcc/arm-atollic-eabi/6.3.1/armv7e-m/fpu/crtend.o
 .data          0x00000000        0x0 c:/program files (x86)/atollic/truestudio for stm32 9.3.0/armtools/bin/../lib/gcc/arm-atollic-eabi/6.3.1/armv7e-m/fpu/crtend.o
 .bss           0x00000000        0x0 c:/program files (x86)/atollic/truestudio for stm32 9.3.0/armtools/bin/../lib/gcc/arm-atollic-eabi/6.3.1/armv7e-m/fpu/crtend.o
 .eh_frame      0x00000000        0x4 c:/program files (x86)/atollic/truestudio for stm32 9.3.0/armtools/bin/../lib/gcc/arm-atollic-eabi/6.3.1/armv7e-m/fpu/crtend.o
 .ARM.attributes
                0x00000000       0x34 c:/program files (x86)/atollic/truestudio for stm32 9.3.0/armtools/bin/../lib/gcc/arm-atollic-eabi/6.3.1/armv7e-m/fpu/crtend.o
 .text          0x00000000        0x0 c:/program files (x86)/atollic/truestudio for stm32 9.3.0/armtools/bin/../lib/gcc/arm-atollic-eabi/6.3.1/armv7e-m/fpu/crtn.o
 .data          0x00000000        0x0 c:/program files (x86)/atollic/truestudio for stm32 9.3.0/armtools/bin/../lib/gcc/arm-atollic-eabi/6.3.1/armv7e-m/fpu/crtn.o
 .bss           0x00000000        0x0 c:/program files (x86)/atollic/truestudio for stm32 9.3.0/armtools/bin/../lib/gcc/arm-atollic-eabi/6.3.1/armv7e-m/fpu/crtn.o

Memory Configuration

Name             Origin             Length             Attributes
RAM              0x20000000         0x00020000         xrw
CCMRAM           0x10000000         0x00010000         rw
FLASH            0x08000000         0x00100000         xr
*default*        0x00000000         0xffffffff

Linker script and memory map

LOAD c:/program files (x86)/atollic/truestudio for stm32 9.3.0/armtools/bin/../lib/gcc/arm-atollic-eabi/6.3.1/armv7e-m/fpu/crti.o
LOAD c:/program files (x86)/atollic/truestudio for stm32 9.3.0/armtools/bin/../lib/gcc/arm-atollic-eabi/6.3.1/armv7e-m/fpu/crtbegin.o
LOAD Middlewares\Third_Party\FreeRTOS\Source\CMSIS_RTOS\cmsis_os.o
LOAD Middlewares\Third_Party\FreeRTOS\Source\croutine.o
LOAD Middlewares\Third_Party\FreeRTOS\Source\event_groups.o
LOAD Middlewares\Third_Party\FreeRTOS\Source\list.o
LOAD Middlewares\Third_Party\FreeRTOS\Source\portable\GCC\ARM_CM4F\port.o
LOAD Middlewares\Third_Party\FreeRTOS\Source\portable\MemMang\heap_4.o
LOAD Middlewares\Third_Party\FreeRTOS\Source\queue.o
LOAD Middlewares\Third_Party\FreeRTOS\Source\stream_buffer.o
LOAD Middlewares\Third_Party\FreeRTOS\Source\tasks.o
LOAD Middlewares\Third_Party\FreeRTOS\Source\timers.o
LOAD Src\freertos.o
LOAD Src\main.o
LOAD Src\stm32f4xx_it.o
LOAD Src\syscalls.o
LOAD Src\system_stm32f4xx.o
LOAD startup\startup_stm32f407xx.o
                0x00000080                malloc_getpagesize_P = 0x80
START GROUP
LOAD c:/program files (x86)/atollic/truestudio for stm32 9.3.0/armtools/bin/../lib/gcc/arm-atollic-eabi/6.3.1/../../../../arm-atollic-eabi/lib/armv7e-m/fpu\libc_nano.a
LOAD c:/program files (x86)/atollic/truestudio for stm32 9.3.0/armtools/bin/../lib/gcc/arm-atollic-eabi/6.3.1/../../../../arm-atollic-eabi/lib/armv7e-m/fpu\libm.a
END GROUP
START GROUP
LOAD c:/program files (x86)/atollic/truestudio for stm32 9.3.0/armtools/bin/../lib/gcc/arm-atollic-eabi/6.3.1/armv7e-m/fpu\libgcc.a
LOAD c:/program files (x86)/atollic/truestudio for stm32 9.3.0/armtools/bin/../lib/gcc/arm-atollic-eabi/6.3.1/../../../../arm-atollic-eabi/lib/armv7e-m/fpu\libc_nano.a
END GROUP
START GROUP
LOAD c:/program files (x86)/atollic/truestudio for stm32 9.3.0/armtools/bin/../lib/gcc/arm-atollic-eabi/6.3.1/armv7e-m/fpu\libgcc.a
LOAD c:/program files (x86)/atollic/truestudio for stm32 9.3.0/armtools/bin/../lib/gcc/arm-atollic-eabi/6.3.1/../../../../arm-atollic-eabi/lib/armv7e-m/fpu\libc_nano.a
LOAD c:/program files (x86)/atollic/truestudio for stm32 9.3.0/armtools/bin/../lib/gcc/arm-atollic-eabi/6.3.1/../../../../arm-atollic-eabi/lib/armv7e-m/fpu\libnosys.a
END GROUP
START GROUP
LOAD c:/program files (x86)/atollic/truestudio for stm32 9.3.0/armtools/bin/../lib/gcc/arm-atollic-eabi/6.3.1/armv7e-m/fpu\libgcc.a
LOAD c:/program files (x86)/atollic/truestudio for stm32 9.3.0/armtools/bin/../lib/gcc/arm-atollic-eabi/6.3.1/../../../../arm-atollic-eabi/lib/armv7e-m/fpu\libc_nano.a
LOAD c:/program files (x86)/atollic/truestudio for stm32 9.3.0/armtools/bin/../lib/gcc/arm-atollic-eabi/6.3.1/../../../../arm-atollic-eabi/lib/armv7e-m/fpu\libnosys.a
END GROUP
LOAD c:/program files (x86)/atollic/truestudio for stm32 9.3.0/armtools/bin/../lib/gcc/arm-atollic-eabi/6.3.1/armv7e-m/fpu/crtend.o
LOAD c:/program files (x86)/atollic/truestudio for stm32 9.3.0/armtools/bin/../lib/gcc/arm-atollic-eabi/6.3.1/armv7e-m/fpu/crtn.o
                0x20020000                _estack = 0x20020000
                0x00000200                _Min_Heap_Size = 0x200
                0x00000400                _Min_Stack_Size = 0x400

.isr_vector     0x08000000      0x188
                0x08000000                . = ALIGN (0x4)
 *(.isr_vector)
 .isr_vector    0x08000000      0x188 startup\startup_stm32f407xx.o
                0x08000000                g_pfnVectors
                0x08000188                . = ALIGN (0x4)

.text           0x08000190      0xf28
                0x08000190                . = ALIGN (0x4)
 *(.text)
 .text          0x08000190       0x40 c:/program files (x86)/atollic/truestudio for stm32 9.3.0/armtools/bin/../lib/gcc/arm-atollic-eabi/6.3.1/armv7e-m/fpu/crtbegin.o
 *(.text*)
 .text.osSystickHandler
                0x080001d0       0x14 Middlewares\Third_Party\FreeRTOS\Source\CMSIS_RTOS\cmsis_os.o
                0x080001d0                osSystickHandler
 .text.vListInitialise
                0x080001e4       0x16 Middlewares\Third_Party\FreeRTOS\Source\list.o
                0x080001e4                vListInitialise
 .text.vListInitialiseItem
                0x080001fa        0x6 Middlewares\Third_Party\FreeRTOS\Source\list.o
                0x080001fa                vListInitialiseItem
 .text.vListInsertEnd
                0x08000200       0x18 Middlewares\Third_Party\FreeRTOS\Source\list.o
                0x08000200                vListInsertEnd
 .text.vListInsert
                0x08000218       0x2e Middlewares\Third_Party\FreeRTOS\Source\list.o
                0x08000218                vListInsert
 .text.uxListRemove
                0x08000246       0x22 Middlewares\Third_Party\FreeRTOS\Source\list.o
                0x08000246                uxListRemove
 .text.prvTaskExitError
                0x08000268       0x40 Middlewares\Third_Party\FreeRTOS\Source\portable\GCC\ARM_CM4F\port.o
 .text.unlikely.prvPortStartFirstTask
                0x080002a8       0x28 Middlewares\Third_Party\FreeRTOS\Source\portable\GCC\ARM_CM4F\port.o
 .text.unlikely.vPortEnableVFP
                0x080002d0       0x14 Middlewares\Third_Party\FreeRTOS\Source\portable\GCC\ARM_CM4F\port.o
 .text.pxPortInitialiseStack
                0x080002e4       0x2c Middlewares\Third_Party\FreeRTOS\Source\portable\GCC\ARM_CM4F\port.o
                0x080002e4                pxPortInitialiseStack
 .text.SVC_Handler
                0x08000310       0x24 Middlewares\Third_Party\FreeRTOS\Source\portable\GCC\ARM_CM4F\port.o
                0x08000310                SVC_Handler
 .text.vPortEnterCritical
                0x08000334       0x44 Middlewares\Third_Party\FreeRTOS\Source\portable\GCC\ARM_CM4F\port.o
                0x08000334                vPortEnterCritical
 .text.vPortExitCritical
                0x08000378       0x28 Middlewares\Third_Party\FreeRTOS\Source\portable\GCC\ARM_CM4F\port.o
                0x08000378                vPortExitCritical
 .text.PendSV_Handler
                0x080003a0       0x64 Middlewares\Third_Party\FreeRTOS\Source\portable\GCC\ARM_CM4F\port.o
                0x080003a0                PendSV_Handler
 .text.xPortSysTickHandler
                0x08000404       0x2c Middlewares\Third_Party\FreeRTOS\Source\portable\GCC\ARM_CM4F\port.o
                0x08000404                xPortSysTickHandler
 .text.vPortSetupTimerInterrupt
                0x08000430       0x34 Middlewares\Third_Party\FreeRTOS\Source\portable\GCC\ARM_CM4F\port.o
                0x08000430                vPortSetupTimerInterrupt
 .text.xPortStartScheduler
                0x08000464      0x10c Middlewares\Third_Party\FreeRTOS\Source\portable\GCC\ARM_CM4F\port.o
                0x08000464                xPortStartScheduler
 .text.unlikely.prvInsertBlockIntoFreeList
                0x08000570       0x48 Middlewares\Third_Party\FreeRTOS\Source\portable\MemMang\heap_4.o
 .text.pvPortMalloc
                0x080005b8      0x11c Middlewares\Third_Party\FreeRTOS\Source\portable\MemMang\heap_4.o
                0x080005b8                pvPortMalloc
 .text.vPortFree
                0x080006d4       0x70 Middlewares\Third_Party\FreeRTOS\Source\portable\MemMang\heap_4.o
                0x080006d4                vPortFree
 .text.prvAddNewTaskToReadyList
                0x08000744       0xf8 Middlewares\Third_Party\FreeRTOS\Source\tasks.o
 .text.prvResetNextTaskUnblockTime
                0x0800083c       0x24 Middlewares\Third_Party\FreeRTOS\Source\tasks.o
 .text.prvInitialiseNewTask.isra.2
                0x08000860       0x7a Middlewares\Third_Party\FreeRTOS\Source\tasks.o
 .text.prvDeleteTCB
                0x080008da       0x36 Middlewares\Third_Party\FreeRTOS\Source\tasks.o
 .text.prvIdleTask
                0x08000910       0x64 Middlewares\Third_Party\FreeRTOS\Source\tasks.o
 .text.prvAddCurrentTaskToDelayedList
                0x08000974       0x74 Middlewares\Third_Party\FreeRTOS\Source\tasks.o
 .text.xTaskCreateStatic
                0x080009e8       0x6e Middlewares\Third_Party\FreeRTOS\Source\tasks.o
                0x080009e8                xTaskCreateStatic
 .text.xTaskCreate
                0x08000a56       0x5a Middlewares\Third_Party\FreeRTOS\Source\tasks.o
                0x08000a56                xTaskCreate
 .text.vTaskStartScheduler
                0x08000ab0       0x6c Middlewares\Third_Party\FreeRTOS\Source\tasks.o
                0x08000ab0                vTaskStartScheduler
 .text.vTaskSuspendAll
                0x08000b1c       0x10 Middlewares\Third_Party\FreeRTOS\Source\tasks.o
                0x08000b1c                vTaskSuspendAll
 .text.xTaskIncrementTick
                0x08000b2c      0x120 Middlewares\Third_Party\FreeRTOS\Source\tasks.o
                0x08000b2c                xTaskIncrementTick
 .text.xTaskResumeAll
                0x08000c4c       0xe8 Middlewares\Third_Party\FreeRTOS\Source\tasks.o
                0x08000c4c                xTaskResumeAll
 .text.vTaskDelay
                0x08000d34       0x48 Middlewares\Third_Party\FreeRTOS\Source\tasks.o
                0x08000d34                vTaskDelay
 .text.vTaskSwitchContext
                0x08000d7c       0x78 Middlewares\Third_Party\FreeRTOS\Source\tasks.o
                0x08000d7c                vTaskSwitchContext
 .text.xTaskGetSchedulerState
                0x08000df4       0x20 Middlewares\Third_Party\FreeRTOS\Source\tasks.o
                0x08000df4                xTaskGetSchedulerState
 .text.vApplicationGetIdleTaskMemory
                0x08000e14       0x18 Src\freertos.o
                0x08000e14                vApplicationGetIdleTaskMemory
 .text.task_switch_LED_GREEN
                0x08000e2c       0x2c Src\main.o
                0x08000e2c                task_switch_LED_GREEN
 .text.task_switch_LED_ORANGE
                0x08000e58       0x34 Src\main.o
                0x08000e58                task_switch_LED_ORANGE
 .text.task_switch_LED_RED
                0x08000e8c       0x34 Src\main.o
                0x08000e8c                task_switch_LED_RED
 .text.task_switch_LED_BLUE
                0x08000ec0       0x2c Src\main.o
                0x08000ec0                task_switch_LED_BLUE
 .text.init_RCC
                0x08000eec       0x10 Src\main.o
                0x08000eec                init_RCC
 .text.init_GPIO
                0x08000efc       0x28 Src\main.o
                0x08000efc                init_GPIO
 .text.startup.main
                0x08000f24       0x84 Src\main.o
                0x08000f24                main
 .text.NMI_Handler
                0x08000fa8        0x2 Src\stm32f4xx_it.o
                0x08000fa8                NMI_Handler
 .text.HardFault_Handler
                0x08000faa        0x2 Src\stm32f4xx_it.o
                0x08000faa                HardFault_Handler
 .text.MemManage_Handler
                0x08000fac        0x2 Src\stm32f4xx_it.o
                0x08000fac                MemManage_Handler
 .text.BusFault_Handler
                0x08000fae        0x2 Src\stm32f4xx_it.o
                0x08000fae                BusFault_Handler
 .text.UsageFault_Handler
                0x08000fb0        0x2 Src\stm32f4xx_it.o
                0x08000fb0                UsageFault_Handler
 .text.DebugMon_Handler
                0x08000fb2        0x2 Src\stm32f4xx_it.o
                0x08000fb2                DebugMon_Handler
 .text.SysTick_Handler
                0x08000fb4        0x4 Src\stm32f4xx_it.o
                0x08000fb4                SysTick_Handler
 .text.SystemInit
                0x08000fb8       0x4c Src\system_stm32f4xx.o
                0x08000fb8                SystemInit
 .text.Reset_Handler
                0x08001004       0x50 startup\startup_stm32f407xx.o
                0x08001004                Reset_Handler
 .text.Default_Handler
                0x08001054        0x2 startup\startup_stm32f407xx.o
                0x08001054                RTC_Alarm_IRQHandler
                0x08001054                HASH_RNG_IRQHandler
                0x08001054                EXTI2_IRQHandler
                0x08001054                TIM8_CC_IRQHandler
                0x08001054                TIM1_CC_IRQHandler
                0x08001054                DMA2_Stream5_IRQHandler
                0x08001054                DMA1_Stream5_IRQHandler
                0x08001054                PVD_IRQHandler
                0x08001054                SDIO_IRQHandler
                0x08001054                TAMP_STAMP_IRQHandler
                0x08001054                CAN2_RX1_IRQHandler
                0x08001054                EXTI3_IRQHandler
                0x08001054                TIM8_TRG_COM_TIM14_IRQHandler
                0x08001054                TIM1_UP_TIM10_IRQHandler
                0x08001054                TIM8_UP_TIM13_IRQHandler
                0x08001054                I2C3_ER_IRQHandler
                0x08001054                EXTI0_IRQHandler
                0x08001054                I2C2_EV_IRQHandler
                0x08001054                DMA1_Stream2_IRQHandler
                0x08001054                CAN1_RX0_IRQHandler
                0x08001054                FPU_IRQHandler
                0x08001054                OTG_HS_WKUP_IRQHandler
                0x08001054                CAN2_SCE_IRQHandler
                0x08001054                DMA2_Stream2_IRQHandler
                0x08001054                SPI1_IRQHandler
                0x08001054                TIM6_DAC_IRQHandler
                0x08001054                TIM1_BRK_TIM9_IRQHandler
                0x08001054                DCMI_IRQHandler
                0x08001054                CAN2_RX0_IRQHandler
                0x08001054                DMA2_Stream3_IRQHandler
                0x08001054                USART6_IRQHandler
                0x08001054                USART3_IRQHandler
                0x08001054                CAN1_RX1_IRQHandler
                0x08001054                UART5_IRQHandler
                0x08001054                DMA2_Stream0_IRQHandler
                0x08001054                TIM4_IRQHandler
                0x08001054                I2C1_EV_IRQHandler
                0x08001054                DMA1_Stream6_IRQHandler
                0x08001054                DMA1_Stream1_IRQHandler
                0x08001054                UART4_IRQHandler
                0x08001054                TIM3_IRQHandler
                0x08001054                RCC_IRQHandler
                0x08001054                TIM8_BRK_TIM12_IRQHandler
                0x08001054                Default_Handler
                0x08001054                EXTI15_10_IRQHandler
                0x08001054                ADC_IRQHandler
                0x08001054                DMA1_Stream7_IRQHandler
                0x08001054                TIM7_IRQHandler
                0x08001054                CAN2_TX_IRQHandler
                0x08001054                TIM5_IRQHandler
                0x08001054                DMA2_Stream7_IRQHandler
                0x08001054                I2C3_EV_IRQHandler
                0x08001054                EXTI9_5_IRQHandler
                0x08001054                RTC_WKUP_IRQHandler
                0x08001054                ETH_WKUP_IRQHandler
                0x08001054                SPI2_IRQHandler
                0x08001054                OTG_HS_EP1_IN_IRQHandler
                0x08001054                DMA1_Stream0_IRQHandler
                0x08001054                CAN1_TX_IRQHandler
                0x08001054                EXTI4_IRQHandler
                0x08001054                FSMC_IRQHandler
                0x08001054                ETH_IRQHandler
                0x08001054                OTG_HS_EP1_OUT_IRQHandler
                0x08001054                WWDG_IRQHandler
                0x08001054                TIM2_IRQHandler
                0x08001054                OTG_FS_WKUP_IRQHandler
                0x08001054                TIM1_TRG_COM_TIM11_IRQHandler
                0x08001054                OTG_HS_IRQHandler
                0x08001054                EXTI1_IRQHandler
                0x08001054                USART2_IRQHandler
                0x08001054                I2C2_ER_IRQHandler
                0x08001054                DMA2_Stream1_IRQHandler
                0x08001054                CAN1_SCE_IRQHandler
                0x08001054                FLASH_IRQHandler
                0x08001054                DMA2_Stream4_IRQHandler
                0x08001054                USART1_IRQHandler
                0x08001054                OTG_FS_IRQHandler
                0x08001054                SPI3_IRQHandler
                0x08001054                DMA1_Stream4_IRQHandler
                0x08001054                I2C1_ER_IRQHandler
                0x08001054                DMA2_Stream6_IRQHandler
                0x08001054                DMA1_Stream3_IRQHandler
 *fill*         0x08001056        0x2 
 .text.__libc_init_array
                0x08001058       0x48 c:/program files (x86)/atollic/truestudio for stm32 9.3.0/armtools/bin/../lib/gcc/arm-atollic-eabi/6.3.1/../../../../arm-atollic-eabi/lib/armv7e-m/fpu\libc_nano.a(lib_a-init.o)
                0x08001058                __libc_init_array
 *(.glue_7)
 .glue_7        0x080010a0        0x0 linker stubs
 *(.glue_7t)
 .glue_7t       0x080010a0        0x0 linker stubs
 *(.eh_frame)
 .eh_frame      0x080010a0        0x0 c:/program files (x86)/atollic/truestudio for stm32 9.3.0/armtools/bin/../lib/gcc/arm-atollic-eabi/6.3.1/armv7e-m/fpu/crtbegin.o
 *(.init)
 .init          0x080010a0        0x4 c:/program files (x86)/atollic/truestudio for stm32 9.3.0/armtools/bin/../lib/gcc/arm-atollic-eabi/6.3.1/armv7e-m/fpu/crti.o
                0x080010a0                _init
 .init          0x080010a4        0x8 c:/program files (x86)/atollic/truestudio for stm32 9.3.0/armtools/bin/../lib/gcc/arm-atollic-eabi/6.3.1/armv7e-m/fpu/crtn.o
 *(.fini)
 .fini          0x080010ac        0x4 c:/program files (x86)/atollic/truestudio for stm32 9.3.0/armtools/bin/../lib/gcc/arm-atollic-eabi/6.3.1/armv7e-m/fpu/crti.o
                0x080010ac                _fini
 .fini          0x080010b0        0x8 c:/program files (x86)/atollic/truestudio for stm32 9.3.0/armtools/bin/../lib/gcc/arm-atollic-eabi/6.3.1/armv7e-m/fpu/crtn.o
                0x080010b8                . = ALIGN (0x4)
                0x080010b8                _etext = .

.vfp11_veneer   0x080010b8        0x0
 .vfp11_veneer  0x080010b8        0x0 linker stubs

.v4_bx          0x080010b8        0x0
 .v4_bx         0x080010b8        0x0 linker stubs

.iplt           0x080010b8        0x0
 .iplt          0x080010b8        0x0 c:/program files (x86)/atollic/truestudio for stm32 9.3.0/armtools/bin/../lib/gcc/arm-atollic-eabi/6.3.1/armv7e-m/fpu/crtbegin.o

.rodata         0x080010b8       0x44
                0x080010b8                . = ALIGN (0x4)
 *(.rodata)
 *(.rodata*)
 .rodata.vTaskStartScheduler.str1.1
                0x080010b8        0x5 Middlewares\Third_Party\FreeRTOS\Source\tasks.o
 .rodata.main.str1.1
                0x080010bd       0x3e Src\main.o
                0x080010fc                . = ALIGN (0x4)
 *fill*         0x080010fb        0x1 

.rel.dyn        0x080010fc        0x0
 .rel.iplt      0x080010fc        0x0 c:/program files (x86)/atollic/truestudio for stm32 9.3.0/armtools/bin/../lib/gcc/arm-atollic-eabi/6.3.1/armv7e-m/fpu/crtbegin.o

.ARM.extab
 *(.ARM.extab* .gnu.linkonce.armextab.*)

.ARM            0x080010fc        0x0
                0x080010fc                __exidx_start = .
 *(.ARM.exidx*)
                0x080010fc                __exidx_end = .

.preinit_array  0x080010fc        0x0
                0x080010fc                PROVIDE (__preinit_array_start, .)
 *(.preinit_array*)
                0x080010fc                PROVIDE (__preinit_array_end, .)

.init_array     0x080010fc        0x4
                0x080010fc                PROVIDE (__init_array_start, .)
 *(SORT(.init_array.*))
 *(.init_array*)
 .init_array    0x080010fc        0x4 c:/program files (x86)/atollic/truestudio for stm32 9.3.0/armtools/bin/../lib/gcc/arm-atollic-eabi/6.3.1/armv7e-m/fpu/crtbegin.o
                0x08001100                PROVIDE (__init_array_end, .)

.fini_array     0x08001100        0x4
                [!provide]                PROVIDE (__fini_array_start, .)
 *(SORT(.fini_array.*))
 *(.fini_array*)
 .fini_array    0x08001100        0x4 c:/program files (x86)/atollic/truestudio for stm32 9.3.0/armtools/bin/../lib/gcc/arm-atollic-eabi/6.3.1/armv7e-m/fpu/crtbegin.o
                [!provide]                PROVIDE (__fini_array_end, .)
                0x08001104                _sidata = LOADADDR (.data)

.data           0x20000000        0x8 load address 0x08001104
                0x20000000                . = ALIGN (0x4)
                0x20000000                _sdata = .
 *(.data)
 *(.data*)
 .data.uxCriticalNesting
                0x20000000        0x4 Middlewares\Third_Party\FreeRTOS\Source\portable\GCC\ARM_CM4F\port.o
 .data.SystemCoreClock
                0x20000004        0x4 Src\system_stm32f4xx.o
                0x20000004                SystemCoreClock
                0x20000008                . = ALIGN (0x4)
                0x20000008                _edata = .
                0x0800110c                _siccmram = LOADADDR (.ccmram)

.igot.plt       0x20000008        0x0 load address 0x0800110c
 .igot.plt      0x20000008        0x0 c:/program files (x86)/atollic/truestudio for stm32 9.3.0/armtools/bin/../lib/gcc/arm-atollic-eabi/6.3.1/armv7e-m/fpu/crtbegin.o

.ccmram         0x10000000        0x0 load address 0x0800110c
                0x10000000                . = ALIGN (0x4)
                0x10000000                _sccmram = .
 *(.ccmram)
 *(.ccmram*)
                0x10000000                . = ALIGN (0x4)
                0x10000000                _eccmram = .
                0x10000000                . = ALIGN (0x4)

.bss            0x20000008     0x3fb0
                0x20000008                _sbss = .
                0x20000008                __bss_start__ = _sbss
 *(.bss)
 .bss           0x20000008       0x1c c:/program files (x86)/atollic/truestudio for stm32 9.3.0/armtools/bin/../lib/gcc/arm-atollic-eabi/6.3.1/armv7e-m/fpu/crtbegin.o
 *(.bss*)
 .bss.ucMaxSysCallPriority
                0x20000024        0x1 Middlewares\Third_Party\FreeRTOS\Source\portable\GCC\ARM_CM4F\port.o
 *fill*         0x20000025        0x3 
 .bss.ulMaxPRIGROUPValue
                0x20000028        0x4 Middlewares\Third_Party\FreeRTOS\Source\portable\GCC\ARM_CM4F\port.o
 .bss.pxEnd     0x2000002c        0x4 Middlewares\Third_Party\FreeRTOS\Source\portable\MemMang\heap_4.o
 .bss.ucHeap    0x20000030     0x3c00 Middlewares\Third_Party\FreeRTOS\Source\portable\MemMang\heap_4.o
 .bss.xBlockAllocatedBit
                0x20003c30        0x4 Middlewares\Third_Party\FreeRTOS\Source\portable\MemMang\heap_4.o
 .bss.xFreeBytesRemaining
                0x20003c34        0x4 Middlewares\Third_Party\FreeRTOS\Source\portable\MemMang\heap_4.o
 .bss.xMinimumEverFreeBytesRemaining
                0x20003c38        0x4 Middlewares\Third_Party\FreeRTOS\Source\portable\MemMang\heap_4.o
 .bss.xStart    0x20003c3c        0x8 Middlewares\Third_Party\FreeRTOS\Source\portable\MemMang\heap_4.o
 .bss.pxCurrentTCB
                0x20003c44        0x4 Middlewares\Third_Party\FreeRTOS\Source\tasks.o
                0x20003c44                pxCurrentTCB
 .bss.pxDelayedTaskList
                0x20003c48        0x4 Middlewares\Third_Party\FreeRTOS\Source\tasks.o
 .bss.pxOverflowDelayedTaskList
                0x20003c4c        0x4 Middlewares\Third_Party\FreeRTOS\Source\tasks.o
 .bss.pxReadyTasksLists
                0x20003c50       0x8c Middlewares\Third_Party\FreeRTOS\Source\tasks.o
 .bss.uxCurrentNumberOfTasks
                0x20003cdc        0x4 Middlewares\Third_Party\FreeRTOS\Source\tasks.o
 .bss.uxDeletedTasksWaitingCleanUp
                0x20003ce0        0x4 Middlewares\Third_Party\FreeRTOS\Source\tasks.o
 .bss.uxPendedTicks
                0x20003ce4        0x4 Middlewares\Third_Party\FreeRTOS\Source\tasks.o
 .bss.uxSchedulerSuspended
                0x20003ce8        0x4 Middlewares\Third_Party\FreeRTOS\Source\tasks.o
 .bss.uxTaskNumber
                0x20003cec        0x4 Middlewares\Third_Party\FreeRTOS\Source\tasks.o
 .bss.uxTopReadyPriority
                0x20003cf0        0x4 Middlewares\Third_Party\FreeRTOS\Source\tasks.o
 .bss.xDelayedTaskList1
                0x20003cf4       0x14 Middlewares\Third_Party\FreeRTOS\Source\tasks.o
 .bss.xDelayedTaskList2
                0x20003d08       0x14 Middlewares\Third_Party\FreeRTOS\Source\tasks.o
 .bss.xNextTaskUnblockTime
                0x20003d1c        0x4 Middlewares\Third_Party\FreeRTOS\Source\tasks.o
 .bss.xNumOfOverflows
                0x20003d20        0x4 Middlewares\Third_Party\FreeRTOS\Source\tasks.o
 .bss.xPendingReadyList
                0x20003d24       0x14 Middlewares\Third_Party\FreeRTOS\Source\tasks.o
 .bss.xSchedulerRunning
                0x20003d38        0x4 Middlewares\Third_Party\FreeRTOS\Source\tasks.o
 .bss.xSuspendedTaskList
                0x20003d3c       0x14 Middlewares\Third_Party\FreeRTOS\Source\tasks.o
 .bss.xTasksWaitingTermination
                0x20003d50       0x14 Middlewares\Third_Party\FreeRTOS\Source\tasks.o
 .bss.xTickCount
                0x20003d64        0x4 Middlewares\Third_Party\FreeRTOS\Source\tasks.o
 .bss.xYieldPending
                0x20003d68        0x4 Middlewares\Third_Party\FreeRTOS\Source\tasks.o
 .bss.xIdleStack
                0x20003d6c      0x200 Src\freertos.o
 .bss.xIdleTaskTCBBuffer
                0x20003f6c       0x4c Src\freertos.o
 *(COMMON)
                0x20003fb8                . = ALIGN (0x4)
                0x20003fb8                _ebss = .
                0x20003fb8                __bss_end__ = _ebss

._user_heap_stack
                0x20003fb8      0x600
                0x20003fb8                . = ALIGN (0x4)
                0x20003fb8                PROVIDE (end, .)
                [!provide]                PROVIDE (_end, .)
                0x200041b8                . = (. + _Min_Heap_Size)
 *fill*         0x20003fb8      0x200 
                0x200045b8                . = (. + _Min_Stack_Size)
 *fill*         0x200041b8      0x400 
                0x200045b8                . = ALIGN (0x4)

/DISCARD/
 libc.a(*)
 libm.a(*)
 libgcc.a(*)

.ARM.attributes
                0x00000000       0x30
 *(.ARM.attributes)
 .ARM.attributes
                0x00000000       0x22 c:/program files (x86)/atollic/truestudio for stm32 9.3.0/armtools/bin/../lib/gcc/arm-atollic-eabi/6.3.1/armv7e-m/fpu/crti.o
 .ARM.attributes
                0x00000022       0x34 c:/program files (x86)/atollic/truestudio for stm32 9.3.0/armtools/bin/../lib/gcc/arm-atollic-eabi/6.3.1/armv7e-m/fpu/crtbegin.o
 .ARM.attributes
                0x00000056       0x39 Middlewares\Third_Party\FreeRTOS\Source\CMSIS_RTOS\cmsis_os.o
 .ARM.attributes
                0x0000008f       0x39 Middlewares\Third_Party\FreeRTOS\Source\list.o
 .ARM.attributes
                0x000000c8       0x39 Middlewares\Third_Party\FreeRTOS\Source\portable\GCC\ARM_CM4F\port.o
 .ARM.attributes
                0x00000101       0x39 Middlewares\Third_Party\FreeRTOS\Source\portable\MemMang\heap_4.o
 .ARM.attributes
                0x0000013a       0x39 Middlewares\Third_Party\FreeRTOS\Source\tasks.o
 .ARM.attributes
                0x00000173       0x39 Src\freertos.o
 .ARM.attributes
                0x000001ac       0x39 Src\main.o
 .ARM.attributes
                0x000001e5       0x39 Src\stm32f4xx_it.o
 .ARM.attributes
                0x0000021e       0x39 Src\system_stm32f4xx.o
 .ARM.attributes
                0x00000257       0x21 startup\startup_stm32f407xx.o
 .ARM.attributes
                0x00000278       0x34 c:/program files (x86)/atollic/truestudio for stm32 9.3.0/armtools/bin/../lib/gcc/arm-atollic-eabi/6.3.1/../../../../arm-atollic-eabi/lib/armv7e-m/fpu\libc_nano.a(lib_a-init.o)
 .ARM.attributes
                0x000002ac       0x22 c:/program files (x86)/atollic/truestudio for stm32 9.3.0/armtools/bin/../lib/gcc/arm-atollic-eabi/6.3.1/armv7e-m/fpu/crtn.o
OUTPUT(TEST_002_FreeRTOS.elf elf32-littlearm)

.debug_info     0x00000000     0x803d
 .debug_info    0x00000000     0x28d4 Middlewares\Third_Party\FreeRTOS\Source\CMSIS_RTOS\cmsis_os.o
 .debug_info    0x000028d4      0xac5 Middlewares\Third_Party\FreeRTOS\Source\list.o
 .debug_info    0x00003399      0x572 Middlewares\Third_Party\FreeRTOS\Source\portable\GCC\ARM_CM4F\port.o
 .debug_info    0x0000390b      0xca5 Middlewares\Third_Party\FreeRTOS\Source\portable\MemMang\heap_4.o
 .debug_info    0x000045b0     0x2b53 Middlewares\Third_Party\FreeRTOS\Source\tasks.o
 .debug_info    0x00007103      0x264 Src\freertos.o
 .debug_info    0x00007367      0x62f Src\main.o
 .debug_info    0x00007996      0x12f Src\stm32f4xx_it.o
 .debug_info    0x00007ac5      0x503 Src\system_stm32f4xx.o
 .debug_info    0x00007fc8       0x75 startup\startup_stm32f407xx.o

.debug_abbrev   0x00000000     0x13b4
 .debug_abbrev  0x00000000      0x457 Middlewares\Third_Party\FreeRTOS\Source\CMSIS_RTOS\cmsis_os.o
 .debug_abbrev  0x00000457      0x1ea Middlewares\Third_Party\FreeRTOS\Source\list.o
 .debug_abbrev  0x00000641      0x23a Middlewares\Third_Party\FreeRTOS\Source\portable\GCC\ARM_CM4F\port.o
 .debug_abbrev  0x0000087b      0x314 Middlewares\Third_Party\FreeRTOS\Source\portable\MemMang\heap_4.o
 .debug_abbrev  0x00000b8f      0x41a Middlewares\Third_Party\FreeRTOS\Source\tasks.o
 .debug_abbrev  0x00000fa9       0xcd Src\freertos.o
 .debug_abbrev  0x00001076      0x155 Src\main.o
 .debug_abbrev  0x000011cb       0xc9 Src\stm32f4xx_it.o
 .debug_abbrev  0x00001294      0x10e Src\system_stm32f4xx.o
 .debug_abbrev  0x000013a2       0x12 startup\startup_stm32f407xx.o

.debug_loc      0x00000000     0x2844
 .debug_loc     0x00000000      0xffa Middlewares\Third_Party\FreeRTOS\Source\CMSIS_RTOS\cmsis_os.o
 .debug_loc     0x00000ffa       0x94 Middlewares\Third_Party\FreeRTOS\Source\list.o
 .debug_loc     0x0000108e       0xcf Middlewares\Third_Party\FreeRTOS\Source\portable\GCC\ARM_CM4F\port.o
 .debug_loc     0x0000115d      0x390 Middlewares\Third_Party\FreeRTOS\Source\portable\MemMang\heap_4.o
 .debug_loc     0x000014ed     0x11b7 Middlewares\Third_Party\FreeRTOS\Source\tasks.o
 .debug_loc     0x000026a4       0x84 Src\main.o
 .debug_loc     0x00002728      0x11c Src\system_stm32f4xx.o

.debug_aranges  0x00000000      0x508
 .debug_aranges
                0x00000000      0x188 Middlewares\Third_Party\FreeRTOS\Source\CMSIS_RTOS\cmsis_os.o
 .debug_aranges
                0x00000188       0x40 Middlewares\Third_Party\FreeRTOS\Source\list.o
 .debug_aranges
                0x000001c8       0x80 Middlewares\Third_Party\FreeRTOS\Source\portable\GCC\ARM_CM4F\port.o
 .debug_aranges
                0x00000248       0x48 Middlewares\Third_Party\FreeRTOS\Source\portable\MemMang\heap_4.o
 .debug_aranges
                0x00000290      0x170 Middlewares\Third_Party\FreeRTOS\Source\tasks.o
 .debug_aranges
                0x00000400       0x20 Src\freertos.o
 .debug_aranges
                0x00000420       0x50 Src\main.o
 .debug_aranges
                0x00000470       0x48 Src\stm32f4xx_it.o
 .debug_aranges
                0x000004b8       0x28 Src\system_stm32f4xx.o
 .debug_aranges
                0x000004e0       0x28 startup\startup_stm32f407xx.o

.debug_ranges   0x00000000      0x518
 .debug_ranges  0x00000000      0x178 Middlewares\Third_Party\FreeRTOS\Source\CMSIS_RTOS\cmsis_os.o
 .debug_ranges  0x00000178       0x30 Middlewares\Third_Party\FreeRTOS\Source\list.o
 .debug_ranges  0x000001a8       0x70 Middlewares\Third_Party\FreeRTOS\Source\portable\GCC\ARM_CM4F\port.o
 .debug_ranges  0x00000218       0x38 Middlewares\Third_Party\FreeRTOS\Source\portable\MemMang\heap_4.o
 .debug_ranges  0x00000250      0x208 Middlewares\Third_Party\FreeRTOS\Source\tasks.o
 .debug_ranges  0x00000458       0x10 Src\freertos.o
 .debug_ranges  0x00000468       0x40 Src\main.o
 .debug_ranges  0x000004a8       0x38 Src\stm32f4xx_it.o
 .debug_ranges  0x000004e0       0x18 Src\system_stm32f4xx.o
 .debug_ranges  0x000004f8       0x20 startup\startup_stm32f407xx.o

.debug_line     0x00000000     0x280d
 .debug_line    0x00000000      0x8e4 Middlewares\Third_Party\FreeRTOS\Source\CMSIS_RTOS\cmsis_os.o
 .debug_line    0x000008e4      0x367 Middlewares\Third_Party\FreeRTOS\Source\list.o
 .debug_line    0x00000c4b      0x36b Middlewares\Third_Party\FreeRTOS\Source\portable\GCC\ARM_CM4F\port.o
 .debug_line    0x00000fb6      0x415 Middlewares\Third_Party\FreeRTOS\Source\portable\MemMang\heap_4.o
 .debug_line    0x000013cb      0xb6e Middlewares\Third_Party\FreeRTOS\Source\tasks.o
 .debug_line    0x00001f39      0x1d5 Src\freertos.o
 .debug_line    0x0000210e      0x2c7 Src\main.o
 .debug_line    0x000023d5      0x1db Src\stm32f4xx_it.o
 .debug_line    0x000025b0      0x1de Src\system_stm32f4xx.o
 .debug_line    0x0000278e       0x7f startup\startup_stm32f407xx.o

.debug_str      0x00000000     0x2354
 .debug_str     0x00000000     0x12a0 Middlewares\Third_Party\FreeRTOS\Source\CMSIS_RTOS\cmsis_os.o
                               0x13fd (size before relaxing)
 .debug_str     0x000012a0      0x143 Middlewares\Third_Party\FreeRTOS\Source\list.o
                                0x750 (size before relaxing)
 .debug_str     0x000013e3      0x239 Middlewares\Third_Party\FreeRTOS\Source\portable\GCC\ARM_CM4F\port.o
                                0x49a (size before relaxing)
 .debug_str     0x0000161c      0x1e8 Middlewares\Third_Party\FreeRTOS\Source\portable\MemMang\heap_4.o
                                0x839 (size before relaxing)
 .debug_str     0x00001804      0x7ef Middlewares\Third_Party\FreeRTOS\Source\tasks.o
                               0x12eb (size before relaxing)
 .debug_str     0x00001ff3       0x5e Src\freertos.o
                                0x328 (size before relaxing)
 .debug_str     0x00002051      0x1ce Src\main.o
                                0x3e2 (size before relaxing)
 .debug_str     0x0000221f       0x8b Src\stm32f4xx_it.o
                                0x255 (size before relaxing)
 .debug_str     0x000022aa       0xaa Src\system_stm32f4xx.o
                                0x39b (size before relaxing)

.comment        0x00000000       0x7c
 .comment       0x00000000       0x7c Middlewares\Third_Party\FreeRTOS\Source\CMSIS_RTOS\cmsis_os.o
                                 0x7d (size before relaxing)
 .comment       0x0000007c       0x7d Middlewares\Third_Party\FreeRTOS\Source\list.o
 .comment       0x0000007c       0x7d Middlewares\Third_Party\FreeRTOS\Source\portable\GCC\ARM_CM4F\port.o
 .comment       0x0000007c       0x7d Middlewares\Third_Party\FreeRTOS\Source\portable\MemMang\heap_4.o
 .comment       0x0000007c       0x7d Middlewares\Third_Party\FreeRTOS\Source\tasks.o
 .comment       0x0000007c       0x7d Src\freertos.o
 .comment       0x0000007c       0x7d Src\main.o
 .comment       0x0000007c       0x7d Src\stm32f4xx_it.o
 .comment       0x0000007c       0x7d Src\system_stm32f4xx.o

.debug_frame    0x00000000      0xd64
 .debug_frame   0x00000000      0x4f4 Middlewares\Third_Party\FreeRTOS\Source\CMSIS_RTOS\cmsis_os.o
 .debug_frame   0x000004f4       0x6c Middlewares\Third_Party\FreeRTOS\Source\list.o
 .debug_frame   0x00000560       0xfc Middlewares\Third_Party\FreeRTOS\Source\portable\GCC\ARM_CM4F\port.o
 .debug_frame   0x0000065c       0x98 Middlewares\Third_Party\FreeRTOS\Source\portable\MemMang\heap_4.o
 .debug_frame   0x000006f4      0x4c4 Middlewares\Third_Party\FreeRTOS\Source\tasks.o
 .debug_frame   0x00000bb8       0x20 Src\freertos.o
 .debug_frame   0x00000bd8       0xa8 Src\main.o
 .debug_frame   0x00000c80       0x80 Src\stm32f4xx_it.o
 .debug_frame   0x00000d00       0x38 Src\system_stm32f4xx.o
 .debug_frame   0x00000d38       0x2c c:/program files (x86)/atollic/truestudio for stm32 9.3.0/armtools/bin/../lib/gcc/arm-atollic-eabi/6.3.1/../../../../arm-atollic-eabi/lib/armv7e-m/fpu\libc_nano.a(lib_a-init.o)
